Archive member included to satisfy reference by file (symbol)

f:/profes~1/arm-no~1/92019-~1/bin/../lib/gcc/arm-none-eabi/9.2.1/../../../../arm-none-eabi/lib/thumb/v7-m/nofp\libg.a(lib_a-errno.o)
                              CMakeFiles/LCD_SPI.elf.dir/Core/Src/syscalls.c.obj (__errno)
f:/profes~1/arm-no~1/92019-~1/bin/../lib/gcc/arm-none-eabi/9.2.1/../../../../arm-none-eabi/lib/thumb/v7-m/nofp\libg.a(lib_a-exit.o)
                              f:/profes~1/arm-no~1/92019-~1/bin/../lib/gcc/arm-none-eabi/9.2.1/../../../../arm-none-eabi/lib/thumb/v7-m/nofp/crt0.o (exit)
f:/profes~1/arm-no~1/92019-~1/bin/../lib/gcc/arm-none-eabi/9.2.1/../../../../arm-none-eabi/lib/thumb/v7-m/nofp\libg.a(lib_a-impure.o)
                              f:/profes~1/arm-no~1/92019-~1/bin/../lib/gcc/arm-none-eabi/9.2.1/../../../../arm-none-eabi/lib/thumb/v7-m/nofp\libg.a(lib_a-exit.o) (_global_impure_ptr)
f:/profes~1/arm-no~1/92019-~1/bin/../lib/gcc/arm-none-eabi/9.2.1/../../../../arm-none-eabi/lib/thumb/v7-m/nofp\libg.a(lib_a-init.o)
                              f:/profes~1/arm-no~1/92019-~1/bin/../lib/gcc/arm-none-eabi/9.2.1/../../../../arm-none-eabi/lib/thumb/v7-m/nofp/crt0.o (__libc_init_array)
f:/profes~1/arm-no~1/92019-~1/bin/../lib/gcc/arm-none-eabi/9.2.1/../../../../arm-none-eabi/lib/thumb/v7-m/nofp\libg.a(lib_a-memset.o)
                              f:/profes~1/arm-no~1/92019-~1/bin/../lib/gcc/arm-none-eabi/9.2.1/../../../../arm-none-eabi/lib/thumb/v7-m/nofp/crt0.o (memset)
f:/profes~1/arm-no~1/92019-~1/bin/../lib/gcc/arm-none-eabi/9.2.1/../../../../arm-none-eabi/lib/thumb/v7-m/nofp\libg.a(lib_a-__call_atexit.o)
                              f:/profes~1/arm-no~1/92019-~1/bin/../lib/gcc/arm-none-eabi/9.2.1/../../../../arm-none-eabi/lib/thumb/v7-m/nofp\libg.a(lib_a-exit.o) (__call_exitprocs)
f:/profes~1/arm-no~1/92019-~1/bin/../lib/gcc/arm-none-eabi/9.2.1/../../../../arm-none-eabi/lib/thumb/v7-m/nofp\libg.a(lib_a-atexit.o)
                              f:/profes~1/arm-no~1/92019-~1/bin/../lib/gcc/arm-none-eabi/9.2.1/../../../../arm-none-eabi/lib/thumb/v7-m/nofp\libg.a(lib_a-__call_atexit.o) (atexit)
f:/profes~1/arm-no~1/92019-~1/bin/../lib/gcc/arm-none-eabi/9.2.1/../../../../arm-none-eabi/lib/thumb/v7-m/nofp\libg.a(lib_a-fini.o)
                              f:/profes~1/arm-no~1/92019-~1/bin/../lib/gcc/arm-none-eabi/9.2.1/../../../../arm-none-eabi/lib/thumb/v7-m/nofp\libg.a(lib_a-__call_atexit.o) (__libc_fini_array)
f:/profes~1/arm-no~1/92019-~1/bin/../lib/gcc/arm-none-eabi/9.2.1/../../../../arm-none-eabi/lib/thumb/v7-m/nofp\libg.a(lib_a-lock.o)
                              f:/profes~1/arm-no~1/92019-~1/bin/../lib/gcc/arm-none-eabi/9.2.1/../../../../arm-none-eabi/lib/thumb/v7-m/nofp\libg.a(lib_a-__call_atexit.o) (__retarget_lock_acquire_recursive)
f:/profes~1/arm-no~1/92019-~1/bin/../lib/gcc/arm-none-eabi/9.2.1/../../../../arm-none-eabi/lib/thumb/v7-m/nofp\libg.a(lib_a-__atexit.o)
                              f:/profes~1/arm-no~1/92019-~1/bin/../lib/gcc/arm-none-eabi/9.2.1/../../../../arm-none-eabi/lib/thumb/v7-m/nofp\libg.a(lib_a-atexit.o) (__register_exitproc)

Allocating common symbols
Common symbol       size              file

__lock___atexit_recursive_mutex
                    0x1               f:/profes~1/arm-no~1/92019-~1/bin/../lib/gcc/arm-none-eabi/9.2.1/../../../../arm-none-eabi/lib/thumb/v7-m/nofp\libg.a(lib_a-lock.o)
__lock___arc4random_mutex
                    0x1               f:/profes~1/arm-no~1/92019-~1/bin/../lib/gcc/arm-none-eabi/9.2.1/../../../../arm-none-eabi/lib/thumb/v7-m/nofp\libg.a(lib_a-lock.o)
__lock___env_recursive_mutex
                    0x1               f:/profes~1/arm-no~1/92019-~1/bin/../lib/gcc/arm-none-eabi/9.2.1/../../../../arm-none-eabi/lib/thumb/v7-m/nofp\libg.a(lib_a-lock.o)
__lock___sinit_recursive_mutex
                    0x1               f:/profes~1/arm-no~1/92019-~1/bin/../lib/gcc/arm-none-eabi/9.2.1/../../../../arm-none-eabi/lib/thumb/v7-m/nofp\libg.a(lib_a-lock.o)
__lock___malloc_recursive_mutex
                    0x1               f:/profes~1/arm-no~1/92019-~1/bin/../lib/gcc/arm-none-eabi/9.2.1/../../../../arm-none-eabi/lib/thumb/v7-m/nofp\libg.a(lib_a-lock.o)
__lock___at_quick_exit_mutex
                    0x1               f:/profes~1/arm-no~1/92019-~1/bin/../lib/gcc/arm-none-eabi/9.2.1/../../../../arm-none-eabi/lib/thumb/v7-m/nofp\libg.a(lib_a-lock.o)
__lock___dd_hash_mutex
                    0x1               f:/profes~1/arm-no~1/92019-~1/bin/../lib/gcc/arm-none-eabi/9.2.1/../../../../arm-none-eabi/lib/thumb/v7-m/nofp\libg.a(lib_a-lock.o)
__lock___tz_mutex   0x1               f:/profes~1/arm-no~1/92019-~1/bin/../lib/gcc/arm-none-eabi/9.2.1/../../../../arm-none-eabi/lib/thumb/v7-m/nofp\libg.a(lib_a-lock.o)
__lock___sfp_recursive_mutex
                    0x1               f:/profes~1/arm-no~1/92019-~1/bin/../lib/gcc/arm-none-eabi/9.2.1/../../../../arm-none-eabi/lib/thumb/v7-m/nofp\libg.a(lib_a-lock.o)

Discarded input sections

[...]
Memory Configuration

Name             Origin             Length             Attributes
RAM              0x20000000         0x00005000         xrw
FLASH            0x08000000         0x00010000         xr
*default*        0x00000000         0xffffffff

Linker script and memory map

LOAD f:/profes~1/arm-no~1/92019-~1/bin/../lib/gcc/arm-none-eabi/9.2.1/thumb/v7-m/nofp/crti.o
LOAD f:/profes~1/arm-no~1/92019-~1/bin/../lib/gcc/arm-none-eabi/9.2.1/thumb/v7-m/nofp/crtbegin.o
LOAD f:/profes~1/arm-no~1/92019-~1/bin/../lib/gcc/arm-none-eabi/9.2.1/../../../../arm-none-eabi/lib/thumb/v7-m/nofp/crt0.o
LOAD CMakeFiles/LCD_SPI.elf.dir/Core/Src/Dis_Picture.c.obj
LOAD CMakeFiles/LCD_SPI.elf.dir/Core/Src/FONT.c.obj
LOAD CMakeFiles/LCD_SPI.elf.dir/Core/Src/Picture.c.obj
LOAD CMakeFiles/LCD_SPI.elf.dir/Core/Src/Text.c.obj
LOAD CMakeFiles/LCD_SPI.elf.dir/Core/Src/gpio.c.obj
LOAD CMakeFiles/LCD_SPI.elf.dir/Core/Src/lcd.c.obj
LOAD CMakeFiles/LCD_SPI.elf.dir/Core/Src/main.c.obj
LOAD CMakeFiles/LCD_SPI.elf.dir/Core/Src/spi.c.obj
LOAD CMakeFiles/LCD_SPI.elf.dir/Core/Src/stm32f1xx_hal_msp.c.obj
LOAD CMakeFiles/LCD_SPI.elf.dir/Core/Src/stm32f1xx_it.c.obj
LOAD CMakeFiles/LCD_SPI.elf.dir/Core/Src/syscalls.c.obj
LOAD CMakeFiles/LCD_SPI.elf.dir/Core/Src/system_stm32f1xx.c.obj
LOAD CMakeFiles/LCD_SPI.elf.dir/Drivers/STM32F1xx_HAL_Driver/Src/stm32f1xx_hal.c.obj
LOAD CMakeFiles/LCD_SPI.elf.dir/Drivers/STM32F1xx_HAL_Driver/Src/stm32f1xx_hal_cortex.c.obj
LOAD CMakeFiles/LCD_SPI.elf.dir/Drivers/STM32F1xx_HAL_Driver/Src/stm32f1xx_hal_dma.c.obj
LOAD CMakeFiles/LCD_SPI.elf.dir/Drivers/STM32F1xx_HAL_Driver/Src/stm32f1xx_hal_exti.c.obj
LOAD CMakeFiles/LCD_SPI.elf.dir/Drivers/STM32F1xx_HAL_Driver/Src/stm32f1xx_hal_flash.c.obj
LOAD CMakeFiles/LCD_SPI.elf.dir/Drivers/STM32F1xx_HAL_Driver/Src/stm32f1xx_hal_flash_ex.c.obj
LOAD CMakeFiles/LCD_SPI.elf.dir/Drivers/STM32F1xx_HAL_Driver/Src/stm32f1xx_hal_gpio.c.obj
LOAD CMakeFiles/LCD_SPI.elf.dir/Drivers/STM32F1xx_HAL_Driver/Src/stm32f1xx_hal_gpio_ex.c.obj
LOAD CMakeFiles/LCD_SPI.elf.dir/Drivers/STM32F1xx_HAL_Driver/Src/stm32f1xx_hal_pwr.c.obj
LOAD CMakeFiles/LCD_SPI.elf.dir/Drivers/STM32F1xx_HAL_Driver/Src/stm32f1xx_hal_rcc.c.obj
LOAD CMakeFiles/LCD_SPI.elf.dir/Drivers/STM32F1xx_HAL_Driver/Src/stm32f1xx_hal_rcc_ex.c.obj
LOAD CMakeFiles/LCD_SPI.elf.dir/Drivers/STM32F1xx_HAL_Driver/Src/stm32f1xx_hal_spi.c.obj
LOAD CMakeFiles/LCD_SPI.elf.dir/Drivers/STM32F1xx_HAL_Driver/Src/stm32f1xx_hal_tim.c.obj
LOAD CMakeFiles/LCD_SPI.elf.dir/Drivers/STM32F1xx_HAL_Driver/Src/stm32f1xx_hal_tim_ex.c.obj
LOAD CMakeFiles/LCD_SPI.elf.dir/startup/startup_stm32f103xb.s.obj
START GROUP
LOAD f:/profes~1/arm-no~1/92019-~1/bin/../lib/gcc/arm-none-eabi/9.2.1/thumb/v7-m/nofp\libgcc.a
LOAD f:/profes~1/arm-no~1/92019-~1/bin/../lib/gcc/arm-none-eabi/9.2.1/../../../../arm-none-eabi/lib/thumb/v7-m/nofp\libg.a
LOAD f:/profes~1/arm-no~1/92019-~1/bin/../lib/gcc/arm-none-eabi/9.2.1/../../../../arm-none-eabi/lib/thumb/v7-m/nofp\libc.a
END GROUP
LOAD f:/profes~1/arm-no~1/92019-~1/bin/../lib/gcc/arm-none-eabi/9.2.1/thumb/v7-m/nofp/crtend.o
LOAD f:/profes~1/arm-no~1/92019-~1/bin/../lib/gcc/arm-none-eabi/9.2.1/thumb/v7-m/nofp/crtn.o
                0x20005000                _estack = 0x20005000
                0x00000200                _Min_Heap_Size = 0x200
                0x00000400                _Min_Stack_Size = 0x400

.isr_vector     0x08000000      0x10c
                0x08000000                . = ALIGN (0x4)
 *(.isr_vector)
 .isr_vector    0x08000000      0x10c CMakeFiles/LCD_SPI.elf.dir/startup/startup_stm32f103xb.s.obj
                0x08000000                g_pfnVectors
                0x0800010c                . = ALIGN (0x4)

.text           0x0800010c     0x16f8
                0x0800010c                . = ALIGN (0x4)
 *(.text)
 .text          0x0800010c       0x40 f:/profes~1/arm-no~1/92019-~1/bin/../lib/gcc/arm-none-eabi/9.2.1/thumb/v7-m/nofp/crtbegin.o
 *(.text*)
 .text.MX_GPIO_Init
                0x0800014c       0x44 CMakeFiles/LCD_SPI.elf.dir/Core/Src/gpio.c.obj
                0x0800014c                MX_GPIO_Init
 .text.SPI2_ReadWriteByte
                0x08000190       0x24 CMakeFiles/LCD_SPI.elf.dir/Core/Src/lcd.c.obj
                0x08000190                SPI2_ReadWriteByte
 .text.SPI2_Init
                0x080001b4        0xe CMakeFiles/LCD_SPI.elf.dir/Core/Src/lcd.c.obj
                0x080001b4                SPI2_Init
 *fill*         0x080001c2        0x2 
 .text.LCD_GPIO_Init
                0x080001c4       0x80 CMakeFiles/LCD_SPI.elf.dir/Core/Src/lcd.c.obj
                0x080001c4                LCD_GPIO_Init
 .text.LCD_WR_REG
                0x08000244       0x1c CMakeFiles/LCD_SPI.elf.dir/Core/Src/lcd.c.obj
                0x08000244                LCD_WR_REG
 .text.LCD_WR_DATA8
                0x08000260       0x1c CMakeFiles/LCD_SPI.elf.dir/Core/Src/lcd.c.obj
                0x08000260                LCD_WR_DATA8
 .text.LCD_WR_DATA16
                0x0800027c       0x24 CMakeFiles/LCD_SPI.elf.dir/Core/Src/lcd.c.obj
                0x0800027c                LCD_WR_DATA16
 .text.LCD_WriteReg
                0x080002a0       0x10 CMakeFiles/LCD_SPI.elf.dir/Core/Src/lcd.c.obj
                0x080002a0                LCD_WriteReg
 .text.LCD_WriteRAM_Prepare
                0x080002b0       0x10 CMakeFiles/LCD_SPI.elf.dir/Core/Src/lcd.c.obj
                0x080002b0                LCD_WriteRAM_Prepare
 .text.LCD_SoftRest
                0x080002c0       0x10 CMakeFiles/LCD_SPI.elf.dir/Core/Src/lcd.c.obj
                0x080002c0                LCD_SoftRest
 .text.LCD_SetCursor
                0x080002d0       0x54 CMakeFiles/LCD_SPI.elf.dir/Core/Src/lcd.c.obj
                0x080002d0                LCD_SetCursor
 .text.LCD_Fast_DrawPoint
                0x08000324       0x1c CMakeFiles/LCD_SPI.elf.dir/Core/Src/lcd.c.obj
                0x08000324                LCD_Fast_DrawPoint
 .text.LCD_Set_Window
                0x08000340       0x88 CMakeFiles/LCD_SPI.elf.dir/Core/Src/lcd.c.obj
                0x08000340                LCD_Set_Window
 .text.LCD_Display_Dir
                0x080003c8       0xec CMakeFiles/LCD_SPI.elf.dir/Core/Src/lcd.c.obj
                0x080003c8                LCD_Display_Dir
 .text.LCD_Clear
                0x080004b4       0x3c CMakeFiles/LCD_SPI.elf.dir/Core/Src/lcd.c.obj
                0x080004b4                LCD_Clear
 .text.LCD_Init
                0x080004f0      0x1e8 CMakeFiles/LCD_SPI.elf.dir/Core/Src/lcd.c.obj
                0x080004f0                LCD_Init
 .text.LCD_Draw_Circle
                0x080006d8       0xe0 CMakeFiles/LCD_SPI.elf.dir/Core/Src/lcd.c.obj
                0x080006d8                LCD_Draw_Circle
 .text.Error_Handler
                0x080007b8        0x4 CMakeFiles/LCD_SPI.elf.dir/Core/Src/main.c.obj
                0x080007b8                Error_Handler
 .text.SystemClock_Config
                0x080007bc       0x62 CMakeFiles/LCD_SPI.elf.dir/Core/Src/main.c.obj
                0x080007bc                SystemClock_Config
 .text.main     0x0800081e       0x4e CMakeFiles/LCD_SPI.elf.dir/Core/Src/main.c.obj
                0x0800081e                main
 .text.MX_SPI2_Init
                0x0800086c       0x48 CMakeFiles/LCD_SPI.elf.dir/Core/Src/spi.c.obj
                0x0800086c                MX_SPI2_Init
 .text.HAL_SPI_MspInit
                0x080008b4       0x64 CMakeFiles/LCD_SPI.elf.dir/Core/Src/spi.c.obj
                0x080008b4                HAL_SPI_MspInit
 .text.HAL_MspInit
                0x08000918       0x44 CMakeFiles/LCD_SPI.elf.dir/Core/Src/stm32f1xx_hal_msp.c.obj
                0x08000918                HAL_MspInit
 .text.NMI_Handler
                0x0800095c        0x2 CMakeFiles/LCD_SPI.elf.dir/Core/Src/stm32f1xx_it.c.obj
                0x0800095c                NMI_Handler
 .text.HardFault_Handler
                0x0800095e        0x2 CMakeFiles/LCD_SPI.elf.dir/Core/Src/stm32f1xx_it.c.obj
                0x0800095e                HardFault_Handler
 .text.MemManage_Handler
                0x08000960        0x2 CMakeFiles/LCD_SPI.elf.dir/Core/Src/stm32f1xx_it.c.obj
                0x08000960                MemManage_Handler
 .text.BusFault_Handler
                0x08000962        0x2 CMakeFiles/LCD_SPI.elf.dir/Core/Src/stm32f1xx_it.c.obj
                0x08000962                BusFault_Handler
 .text.UsageFault_Handler
                0x08000964        0x2 CMakeFiles/LCD_SPI.elf.dir/Core/Src/stm32f1xx_it.c.obj
                0x08000964                UsageFault_Handler
 .text.SVC_Handler
                0x08000966        0x2 CMakeFiles/LCD_SPI.elf.dir/Core/Src/stm32f1xx_it.c.obj
                0x08000966                SVC_Handler
 .text.DebugMon_Handler
                0x08000968        0x2 CMakeFiles/LCD_SPI.elf.dir/Core/Src/stm32f1xx_it.c.obj
                0x08000968                DebugMon_Handler
 .text.PendSV_Handler
                0x0800096a        0x2 CMakeFiles/LCD_SPI.elf.dir/Core/Src/stm32f1xx_it.c.obj
                0x0800096a                PendSV_Handler
 .text.SysTick_Handler
                0x0800096c        0x8 CMakeFiles/LCD_SPI.elf.dir/Core/Src/stm32f1xx_it.c.obj
                0x0800096c                SysTick_Handler
 .text.SystemInit
                0x08000974        0x2 CMakeFiles/LCD_SPI.elf.dir/Core/Src/system_stm32f1xx.c.obj
                0x08000974                SystemInit
 *fill*         0x08000976        0x2 
 .text.HAL_InitTick
                0x08000978       0x4c CMakeFiles/LCD_SPI.elf.dir/Drivers/STM32F1xx_HAL_Driver/Src/stm32f1xx_hal.c.obj
                0x08000978                HAL_InitTick
 .text.HAL_Init
                0x080009c4       0x24 CMakeFiles/LCD_SPI.elf.dir/Drivers/STM32F1xx_HAL_Driver/Src/stm32f1xx_hal.c.obj
                0x080009c4                HAL_Init
 .text.HAL_IncTick
                0x080009e8       0x18 CMakeFiles/LCD_SPI.elf.dir/Drivers/STM32F1xx_HAL_Driver/Src/stm32f1xx_hal.c.obj
                0x080009e8                HAL_IncTick
 .text.HAL_GetTick
                0x08000a00        0xc CMakeFiles/LCD_SPI.elf.dir/Drivers/STM32F1xx_HAL_Driver/Src/stm32f1xx_hal.c.obj
                0x08000a00                HAL_GetTick
 .text.HAL_Delay
                0x08000a0c       0x28 CMakeFiles/LCD_SPI.elf.dir/Drivers/STM32F1xx_HAL_Driver/Src/stm32f1xx_hal.c.obj
                0x08000a0c                HAL_Delay
 .text.HAL_NVIC_SetPriorityGrouping
                0x08000a34       0x24 CMakeFiles/LCD_SPI.elf.dir/Drivers/STM32F1xx_HAL_Driver/Src/stm32f1xx_hal_cortex.c.obj
                0x08000a34                HAL_NVIC_SetPriorityGrouping
 .text.HAL_NVIC_SetPriority
                0x08000a58       0x68 CMakeFiles/LCD_SPI.elf.dir/Drivers/STM32F1xx_HAL_Driver/Src/stm32f1xx_hal_cortex.c.obj
                0x08000a58                HAL_NVIC_SetPriority
 .text.HAL_SYSTICK_Config
                0x08000ac0       0x2c CMakeFiles/LCD_SPI.elf.dir/Drivers/STM32F1xx_HAL_Driver/Src/stm32f1xx_hal_cortex.c.obj
                0x08000ac0                HAL_SYSTICK_Config
 .text.HAL_GPIO_Init
                0x08000aec      0x220 CMakeFiles/LCD_SPI.elf.dir/Drivers/STM32F1xx_HAL_Driver/Src/stm32f1xx_hal_gpio.c.obj
                0x08000aec                HAL_GPIO_Init
 .text.RCC_Delay
                0x08000d0c       0x2c CMakeFiles/LCD_SPI.elf.dir/Drivers/STM32F1xx_HAL_Driver/Src/stm32f1xx_hal_rcc.c.obj
 .text.HAL_RCC_OscConfig
                0x08000d38      0x410 CMakeFiles/LCD_SPI.elf.dir/Drivers/STM32F1xx_HAL_Driver/Src/stm32f1xx_hal_rcc.c.obj
                0x08000d38                HAL_RCC_OscConfig
 .text.HAL_RCC_GetSysClockFreq
                0x08001148       0x6c CMakeFiles/LCD_SPI.elf.dir/Drivers/STM32F1xx_HAL_Driver/Src/stm32f1xx_hal_rcc.c.obj
                0x08001148                HAL_RCC_GetSysClockFreq
 .text.HAL_RCC_ClockConfig
                0x080011b4      0x16c CMakeFiles/LCD_SPI.elf.dir/Drivers/STM32F1xx_HAL_Driver/Src/stm32f1xx_hal_rcc.c.obj
                0x080011b4                HAL_RCC_ClockConfig
 .text.SPI_WaitFlagStateUntilTimeout
                0x08001320       0xd0 CMakeFiles/LCD_SPI.elf.dir/Drivers/STM32F1xx_HAL_Driver/Src/stm32f1xx_hal_spi.c.obj
 .text.SPI_EndRxTxTransaction
                0x080013f0       0x24 CMakeFiles/LCD_SPI.elf.dir/Drivers/STM32F1xx_HAL_Driver/Src/stm32f1xx_hal_spi.c.obj
 .text.HAL_SPI_Init
                0x08001414       0xb6 CMakeFiles/LCD_SPI.elf.dir/Drivers/STM32F1xx_HAL_Driver/Src/stm32f1xx_hal_spi.c.obj
                0x08001414                HAL_SPI_Init
 .text.HAL_SPI_Transmit
                0x080014ca      0x1ae CMakeFiles/LCD_SPI.elf.dir/Drivers/STM32F1xx_HAL_Driver/Src/stm32f1xx_hal_spi.c.obj
                0x080014ca                HAL_SPI_Transmit
 .text.Reset_Handler
                0x08001678       0x48 CMakeFiles/LCD_SPI.elf.dir/startup/startup_stm32f103xb.s.obj
                0x08001678                Reset_Handler
 .text.Default_Handler
                0x080016c0        0x2 CMakeFiles/LCD_SPI.elf.dir/startup/startup_stm32f103xb.s.obj
                0x080016c0                RTC_Alarm_IRQHandler
                0x080016c0                EXTI2_IRQHandler
                0x080016c0                TIM1_CC_IRQHandler
                0x080016c0                PVD_IRQHandler
                0x080016c0                EXTI3_IRQHandler
                0x080016c0                EXTI0_IRQHandler
                0x080016c0                I2C2_EV_IRQHandler
                0x080016c0                ADC1_2_IRQHandler
                0x080016c0                SPI1_IRQHandler
                0x080016c0                TAMPER_IRQHandler
                0x080016c0                DMA1_Channel4_IRQHandler
                0x080016c0                USART3_IRQHandler
                0x080016c0                RTC_IRQHandler
                0x080016c0                DMA1_Channel7_IRQHandler
                0x080016c0                CAN1_RX1_IRQHandler
                0x080016c0                TIM4_IRQHandler
                0x080016c0                I2C1_EV_IRQHandler
                0x080016c0                DMA1_Channel6_IRQHandler
                0x080016c0                TIM3_IRQHandler
                0x080016c0                RCC_IRQHandler
                0x080016c0                TIM1_TRG_COM_IRQHandler
                0x080016c0                DMA1_Channel1_IRQHandler
                0x080016c0                Default_Handler
                0x080016c0                EXTI15_10_IRQHandler
                0x080016c0                EXTI9_5_IRQHandler
                0x080016c0                SPI2_IRQHandler
                0x080016c0                DMA1_Channel5_IRQHandler
                0x080016c0                EXTI4_IRQHandler
                0x080016c0                USB_LP_CAN1_RX0_IRQHandler
                0x080016c0                USB_HP_CAN1_TX_IRQHandler
                0x080016c0                DMA1_Channel3_IRQHandler
                0x080016c0                TIM1_UP_IRQHandler
                0x080016c0                WWDG_IRQHandler
                0x080016c0                TIM2_IRQHandler
                0x080016c0                TIM1_BRK_IRQHandler
                0x080016c0                EXTI1_IRQHandler
                0x080016c0                USART2_IRQHandler
                0x080016c0                I2C2_ER_IRQHandler
                0x080016c0                DMA1_Channel2_IRQHandler
                0x080016c0                CAN1_SCE_IRQHandler
                0x080016c0                FLASH_IRQHandler
                0x080016c0                USART1_IRQHandler
                0x080016c0                I2C1_ER_IRQHandler
                0x080016c0                USBWakeUp_IRQHandler
 *fill*         0x080016c2        0x2 
 .text.__libc_init_array
                0x080016c4       0x48 f:/profes~1/arm-no~1/92019-~1/bin/../lib/gcc/arm-none-eabi/9.2.1/../../../../arm-none-eabi/lib/thumb/v7-m/nofp\libg.a(lib_a-init.o)
                0x080016c4                __libc_init_array
 .text.startup.register_fini
                0x0800170c       0x14 f:/profes~1/arm-no~1/92019-~1/bin/../lib/gcc/arm-none-eabi/9.2.1/../../../../arm-none-eabi/lib/thumb/v7-m/nofp\libg.a(lib_a-__call_atexit.o)
 .text.atexit   0x08001720        0xc f:/profes~1/arm-no~1/92019-~1/bin/../lib/gcc/arm-none-eabi/9.2.1/../../../../arm-none-eabi/lib/thumb/v7-m/nofp\libg.a(lib_a-atexit.o)
                0x08001720                atexit
 .text.__libc_fini_array
                0x0800172c       0x2c f:/profes~1/arm-no~1/92019-~1/bin/../lib/gcc/arm-none-eabi/9.2.1/../../../../arm-none-eabi/lib/thumb/v7-m/nofp\libg.a(lib_a-fini.o)
                0x0800172c                __libc_fini_array
 .text.__retarget_lock_acquire_recursive
                0x08001758        0x4 f:/profes~1/arm-no~1/92019-~1/bin/../lib/gcc/arm-none-eabi/9.2.1/../../../../arm-none-eabi/lib/thumb/v7-m/nofp\libg.a(lib_a-lock.o)
                0x08001758                __retarget_lock_acquire_recursive
 .text.__retarget_lock_release_recursive
                0x0800175c        0x4 f:/profes~1/arm-no~1/92019-~1/bin/../lib/gcc/arm-none-eabi/9.2.1/../../../../arm-none-eabi/lib/thumb/v7-m/nofp\libg.a(lib_a-lock.o)
                0x0800175c                __retarget_lock_release_recursive
 .text.__register_exitproc
                0x08001760       0x8c f:/profes~1/arm-no~1/92019-~1/bin/../lib/gcc/arm-none-eabi/9.2.1/../../../../arm-none-eabi/lib/thumb/v7-m/nofp\libg.a(lib_a-__atexit.o)
                0x08001760                __register_exitproc
 *(.glue_7)
 .glue_7        0x080017ec        0x0 linker stubs
 *(.glue_7t)
 .glue_7t       0x080017ec        0x0 linker stubs
 *(.eh_frame)
 .eh_frame      0x080017ec        0x0 f:/profes~1/arm-no~1/92019-~1/bin/../lib/gcc/arm-none-eabi/9.2.1/thumb/v7-m/nofp/crtbegin.o
 *(.init)
 .init          0x080017ec        0x4 f:/profes~1/arm-no~1/92019-~1/bin/../lib/gcc/arm-none-eabi/9.2.1/thumb/v7-m/nofp/crti.o
                0x080017ec                _init
 .init          0x080017f0        0x8 f:/profes~1/arm-no~1/92019-~1/bin/../lib/gcc/arm-none-eabi/9.2.1/thumb/v7-m/nofp/crtn.o
 *(.fini)
 .fini          0x080017f8        0x4 f:/profes~1/arm-no~1/92019-~1/bin/../lib/gcc/arm-none-eabi/9.2.1/thumb/v7-m/nofp/crti.o
                0x080017f8                _fini
 .fini          0x080017fc        0x8 f:/profes~1/arm-no~1/92019-~1/bin/../lib/gcc/arm-none-eabi/9.2.1/thumb/v7-m/nofp/crtn.o
                0x08001804                . = ALIGN (0x4)
                0x08001804                _etext = .

.vfp11_veneer   0x08001804        0x0
 .vfp11_veneer  0x08001804        0x0 linker stubs

.v4_bx          0x08001804        0x0
 .v4_bx         0x08001804        0x0 linker stubs

.iplt           0x08001804        0x0
 .iplt          0x08001804        0x0 f:/profes~1/arm-no~1/92019-~1/bin/../lib/gcc/arm-none-eabi/9.2.1/thumb/v7-m/nofp/crtbegin.o

.rodata         0x08001804       0x28
                0x08001804                . = ALIGN (0x4)
 *(.rodata)
 *(.rodata*)
 .rodata.AHBPrescTable
                0x08001804       0x10 CMakeFiles/LCD_SPI.elf.dir/Core/Src/system_stm32f1xx.c.obj
                0x08001804                AHBPrescTable
 .rodata.HAL_RCC_GetSysClockFreq.str1.4
                0x08001814       0x11 CMakeFiles/LCD_SPI.elf.dir/Drivers/STM32F1xx_HAL_Driver/Src/stm32f1xx_hal_rcc.c.obj
 *fill*         0x08001825        0x3 
 .rodata._global_impure_ptr
                0x08001828        0x4 f:/profes~1/arm-no~1/92019-~1/bin/../lib/gcc/arm-none-eabi/9.2.1/../../../../arm-none-eabi/lib/thumb/v7-m/nofp\libg.a(lib_a-impure.o)
                0x08001828                _global_impure_ptr
                0x0800182c                . = ALIGN (0x4)

.rel.dyn        0x0800182c        0x0
 .rel.iplt      0x0800182c        0x0 f:/profes~1/arm-no~1/92019-~1/bin/../lib/gcc/arm-none-eabi/9.2.1/thumb/v7-m/nofp/crtbegin.o

.ARM.extab
 *(.ARM.extab* .gnu.linkonce.armextab.*)

.ARM            0x0800182c        0x0
                0x0800182c                __exidx_start = .
 *(.ARM.exidx*)
                0x0800182c                __exidx_end = .

.preinit_array  0x0800182c        0x0
                0x0800182c                PROVIDE (__preinit_array_start = .)
 *(.preinit_array*)
                0x0800182c                PROVIDE (__preinit_array_end = .)

.init_array     0x0800182c        0x8
                0x0800182c                PROVIDE (__init_array_start = .)
 *(SORT_BY_NAME(.init_array.*))
 .init_array.00000
                0x0800182c        0x4 f:/profes~1/arm-no~1/92019-~1/bin/../lib/gcc/arm-none-eabi/9.2.1/../../../../arm-none-eabi/lib/thumb/v7-m/nofp\libg.a(lib_a-__call_atexit.o)
 *(.init_array*)
 .init_array    0x08001830        0x4 f:/profes~1/arm-no~1/92019-~1/bin/../lib/gcc/arm-none-eabi/9.2.1/thumb/v7-m/nofp/crtbegin.o
                0x08001834                PROVIDE (__init_array_end = .)

.fini_array     0x08001834        0x4
                0x08001834                PROVIDE (__fini_array_start = .)
 *(SORT_BY_NAME(.fini_array.*))
 *(.fini_array*)
 .fini_array    0x08001834        0x4 f:/profes~1/arm-no~1/92019-~1/bin/../lib/gcc/arm-none-eabi/9.2.1/thumb/v7-m/nofp/crtbegin.o
                0x08001838                PROVIDE (__fini_array_end = .)
                0x08001838                _sidata = LOADADDR (.data)

.data           0x20000000      0x43c load address 0x08001838
                0x20000000                . = ALIGN (0x4)
                0x20000000                _sdata = .
 *(.data)
 *(.data*)
 .data.SystemCoreClock
                0x20000000        0x4 CMakeFiles/LCD_SPI.elf.dir/Core/Src/system_stm32f1xx.c.obj
                0x20000000                SystemCoreClock
 .data.uwTickFreq
                0x20000004        0x1 CMakeFiles/LCD_SPI.elf.dir/Drivers/STM32F1xx_HAL_Driver/Src/stm32f1xx_hal.c.obj
                0x20000004                uwTickFreq
 *fill*         0x20000005        0x3 
 .data.uwTickPrio
                0x20000008        0x4 CMakeFiles/LCD_SPI.elf.dir/Drivers/STM32F1xx_HAL_Driver/Src/stm32f1xx_hal.c.obj
                0x20000008                uwTickPrio
 *fill*         0x2000000c        0x4 
 .data.impure_data
                0x20000010      0x428 f:/profes~1/arm-no~1/92019-~1/bin/../lib/gcc/arm-none-eabi/9.2.1/../../../../arm-none-eabi/lib/thumb/v7-m/nofp\libg.a(lib_a-impure.o)
 .data.__atexit_recursive_mutex
                0x20000438        0x4 f:/profes~1/arm-no~1/92019-~1/bin/../lib/gcc/arm-none-eabi/9.2.1/../../../../arm-none-eabi/lib/thumb/v7-m/nofp\libg.a(lib_a-__call_atexit.o)
                0x20000438                __atexit_recursive_mutex
                0x2000043c                . = ALIGN (0x4)
                0x2000043c                _edata = .

.igot.plt       0x2000043c        0x0 load address 0x08001c74
 .igot.plt      0x2000043c        0x0 f:/profes~1/arm-no~1/92019-~1/bin/../lib/gcc/arm-none-eabi/9.2.1/thumb/v7-m/nofp/crtbegin.o
                0x2000043c                . = ALIGN (0x4)

.bss            0x2000043c       0xb0 load address 0x08001c74
                0x2000043c                _sbss = .
                0x2000043c                __bss_start__ = _sbss
 *(.bss)
 .bss           0x2000043c       0x1c f:/profes~1/arm-no~1/92019-~1/bin/../lib/gcc/arm-none-eabi/9.2.1/thumb/v7-m/nofp/crtbegin.o
 *(.bss*)
 .bss.USE_HORIZONTAL
                0x20000458        0x1 CMakeFiles/LCD_SPI.elf.dir/Core/Src/lcd.c.obj
                0x20000458                USE_HORIZONTAL
 *fill*         0x20000459        0x3 
 .bss.lcddev    0x2000045c        0xe CMakeFiles/LCD_SPI.elf.dir/Core/Src/lcd.c.obj
                0x2000045c                lcddev
 *fill*         0x2000046a        0x2 
 .bss.hspi2     0x2000046c       0x58 CMakeFiles/LCD_SPI.elf.dir/Core/Src/spi.c.obj
                0x2000046c                hspi2
 .bss.uwTick    0x200004c4        0x4 CMakeFiles/LCD_SPI.elf.dir/Drivers/STM32F1xx_HAL_Driver/Src/stm32f1xx_hal.c.obj
                0x200004c4                uwTick
 *(COMMON)
 COMMON         0x200004c8       0x21 f:/profes~1/arm-no~1/92019-~1/bin/../lib/gcc/arm-none-eabi/9.2.1/../../../../arm-none-eabi/lib/thumb/v7-m/nofp\libg.a(lib_a-lock.o)
                0x200004c8                __lock___atexit_recursive_mutex
                0x200004cc                __lock___arc4random_mutex
                0x200004d0                __lock___env_recursive_mutex
                0x200004d4                __lock___sinit_recursive_mutex
                0x200004d8                __lock___malloc_recursive_mutex
                0x200004dc                __lock___at_quick_exit_mutex
                0x200004e0                __lock___dd_hash_mutex
                0x200004e4                __lock___tz_mutex
                0x200004e8                __lock___sfp_recursive_mutex
                0x200004ec                . = ALIGN (0x4)
 *fill*         0x200004e9        0x3 
                0x200004ec                _ebss = .
                0x200004ec                __bss_end__ = _ebss

._user_heap_stack
                0x200004ec      0x604 load address 0x08001c74
                0x200004f0                . = ALIGN (0x8)
 *fill*         0x200004ec        0x4 
                0x200004f0                PROVIDE (end = .)
                [!provide]                PROVIDE (_end = .)
                0x200006f0                . = (. + _Min_Heap_Size)
 *fill*         0x200004f0      0x200 
                0x20000af0                . = (. + _Min_Stack_Size)
 *fill*         0x200006f0      0x400 
                0x20000af0                . = ALIGN (0x8)

/DISCARD/
 libc.a(*)
 libm.a(*)
 libgcc.a(*)

.ARM.attributes
                0x00000000       0x29
 *(.ARM.attributes)
 .ARM.attributes
                0x00000000       0x1d f:/profes~1/arm-no~1/92019-~1/bin/../lib/gcc/arm-none-eabi/9.2.1/thumb/v7-m/nofp/crti.o
 .ARM.attributes
                0x0000001d       0x2d f:/profes~1/arm-no~1/92019-~1/bin/../lib/gcc/arm-none-eabi/9.2.1/thumb/v7-m/nofp/crtbegin.o
 .ARM.attributes
                0x0000004a       0x2d CMakeFiles/LCD_SPI.elf.dir/Core/Src/gpio.c.obj
 .ARM.attributes
                0x00000077       0x2d CMakeFiles/LCD_SPI.elf.dir/Core/Src/lcd.c.obj
 .ARM.attributes
                0x000000a4       0x2d CMakeFiles/LCD_SPI.elf.dir/Core/Src/main.c.obj
 .ARM.attributes
                0x000000d1       0x2d CMakeFiles/LCD_SPI.elf.dir/Core/Src/spi.c.obj
 .ARM.attributes
                0x000000fe       0x2d CMakeFiles/LCD_SPI.elf.dir/Core/Src/stm32f1xx_hal_msp.c.obj
 .ARM.attributes
                0x0000012b       0x2d CMakeFiles/LCD_SPI.elf.dir/Core/Src/stm32f1xx_it.c.obj
 .ARM.attributes
                0x00000158       0x2d CMakeFiles/LCD_SPI.elf.dir/Core/Src/system_stm32f1xx.c.obj
 .ARM.attributes
                0x00000185       0x2d CMakeFiles/LCD_SPI.elf.dir/Drivers/STM32F1xx_HAL_Driver/Src/stm32f1xx_hal.c.obj
 .ARM.attributes
                0x000001b2       0x2d CMakeFiles/LCD_SPI.elf.dir/Drivers/STM32F1xx_HAL_Driver/Src/stm32f1xx_hal_cortex.c.obj
 .ARM.attributes
                0x000001df       0x2d CMakeFiles/LCD_SPI.elf.dir/Drivers/STM32F1xx_HAL_Driver/Src/stm32f1xx_hal_gpio.c.obj
 .ARM.attributes
                0x0000020c       0x2d CMakeFiles/LCD_SPI.elf.dir/Drivers/STM32F1xx_HAL_Driver/Src/stm32f1xx_hal_rcc.c.obj
 .ARM.attributes
                0x00000239       0x2d CMakeFiles/LCD_SPI.elf.dir/Drivers/STM32F1xx_HAL_Driver/Src/stm32f1xx_hal_spi.c.obj
 .ARM.attributes
                0x00000266       0x21 CMakeFiles/LCD_SPI.elf.dir/startup/startup_stm32f103xb.s.obj
 .ARM.attributes
                0x00000287       0x2d f:/profes~1/arm-no~1/92019-~1/bin/../lib/gcc/arm-none-eabi/9.2.1/../../../../arm-none-eabi/lib/thumb/v7-m/nofp\libg.a(lib_a-impure.o)
 .ARM.attributes
                0x000002b4       0x2d f:/profes~1/arm-no~1/92019-~1/bin/../lib/gcc/arm-none-eabi/9.2.1/../../../../arm-none-eabi/lib/thumb/v7-m/nofp\libg.a(lib_a-init.o)
 .ARM.attributes
                0x000002e1       0x2d f:/profes~1/arm-no~1/92019-~1/bin/../lib/gcc/arm-none-eabi/9.2.1/../../../../arm-none-eabi/lib/thumb/v7-m/nofp\libg.a(lib_a-__call_atexit.o)
 .ARM.attributes
                0x0000030e       0x2d f:/profes~1/arm-no~1/92019-~1/bin/../lib/gcc/arm-none-eabi/9.2.1/../../../../arm-none-eabi/lib/thumb/v7-m/nofp\libg.a(lib_a-atexit.o)
 .ARM.attributes
                0x0000033b       0x2d f:/profes~1/arm-no~1/92019-~1/bin/../lib/gcc/arm-none-eabi/9.2.1/../../../../arm-none-eabi/lib/thumb/v7-m/nofp\libg.a(lib_a-fini.o)
 .ARM.attributes
                0x00000368       0x2d f:/profes~1/arm-no~1/92019-~1/bin/../lib/gcc/arm-none-eabi/9.2.1/../../../../arm-none-eabi/lib/thumb/v7-m/nofp\libg.a(lib_a-lock.o)
 .ARM.attributes
                0x00000395       0x2d f:/profes~1/arm-no~1/92019-~1/bin/../lib/gcc/arm-none-eabi/9.2.1/../../../../arm-none-eabi/lib/thumb/v7-m/nofp\libg.a(lib_a-__atexit.o)
 .ARM.attributes
                0x000003c2       0x1d f:/profes~1/arm-no~1/92019-~1/bin/../lib/gcc/arm-none-eabi/9.2.1/thumb/v7-m/nofp/crtn.o
OUTPUT(LCD_SPI.elf elf32-littlearm)

.debug_info     0x00000000     0xa300
 .debug_info    0x00000000      0x285 CMakeFiles/LCD_SPI.elf.dir/Core/Src/gpio.c.obj
 .debug_info    0x00000285     0x342e CMakeFiles/LCD_SPI.elf.dir/Core/Src/lcd.c.obj
 .debug_info    0x000036b3     0x144c CMakeFiles/LCD_SPI.elf.dir/Core/Src/main.c.obj
 .debug_info    0x00004aff      0x92c CMakeFiles/LCD_SPI.elf.dir/Core/Src/spi.c.obj
 .debug_info    0x0000542b      0x2fd CMakeFiles/LCD_SPI.elf.dir/Core/Src/stm32f1xx_hal_msp.c.obj
 .debug_info    0x00005728      0x239 CMakeFiles/LCD_SPI.elf.dir/Core/Src/stm32f1xx_it.c.obj
 .debug_info    0x00005961      0x2c9 CMakeFiles/LCD_SPI.elf.dir/Core/Src/system_stm32f1xx.c.obj
 .debug_info    0x00005c2a      0x831 CMakeFiles/LCD_SPI.elf.dir/Drivers/STM32F1xx_HAL_Driver/Src/stm32f1xx_hal.c.obj
 .debug_info    0x0000645b      0xe46 CMakeFiles/LCD_SPI.elf.dir/Drivers/STM32F1xx_HAL_Driver/Src/stm32f1xx_hal_cortex.c.obj
 .debug_info    0x000072a1      0x75b CMakeFiles/LCD_SPI.elf.dir/Drivers/STM32F1xx_HAL_Driver/Src/stm32f1xx_hal_gpio.c.obj
 .debug_info    0x000079fc      0xaab CMakeFiles/LCD_SPI.elf.dir/Drivers/STM32F1xx_HAL_Driver/Src/stm32f1xx_hal_rcc.c.obj
 .debug_info    0x000084a7     0x1e37 CMakeFiles/LCD_SPI.elf.dir/Drivers/STM32F1xx_HAL_Driver/Src/stm32f1xx_hal_spi.c.obj
 .debug_info    0x0000a2de       0x22 CMakeFiles/LCD_SPI.elf.dir/startup/startup_stm32f103xb.s.obj

.debug_abbrev   0x00000000     0x1947
 .debug_abbrev  0x00000000      0x11a CMakeFiles/LCD_SPI.elf.dir/Core/Src/gpio.c.obj
 .debug_abbrev  0x0000011a      0x375 CMakeFiles/LCD_SPI.elf.dir/Core/Src/lcd.c.obj
 .debug_abbrev  0x0000048f      0x2c4 CMakeFiles/LCD_SPI.elf.dir/Core/Src/main.c.obj
 .debug_abbrev  0x00000753      0x1ed CMakeFiles/LCD_SPI.elf.dir/Core/Src/spi.c.obj
 .debug_abbrev  0x00000940      0x12e CMakeFiles/LCD_SPI.elf.dir/Core/Src/stm32f1xx_hal_msp.c.obj
 .debug_abbrev  0x00000a6e       0xef CMakeFiles/LCD_SPI.elf.dir/Core/Src/stm32f1xx_it.c.obj
 .debug_abbrev  0x00000b5d      0x151 CMakeFiles/LCD_SPI.elf.dir/Core/Src/system_stm32f1xx.c.obj
 .debug_abbrev  0x00000cae      0x219 CMakeFiles/LCD_SPI.elf.dir/Drivers/STM32F1xx_HAL_Driver/Src/stm32f1xx_hal.c.obj
 .debug_abbrev  0x00000ec7      0x367 CMakeFiles/LCD_SPI.elf.dir/Drivers/STM32F1xx_HAL_Driver/Src/stm32f1xx_hal_cortex.c.obj
 .debug_abbrev  0x0000122e      0x213 CMakeFiles/LCD_SPI.elf.dir/Drivers/STM32F1xx_HAL_Driver/Src/stm32f1xx_hal_gpio.c.obj
 .debug_abbrev  0x00001441      0x28d CMakeFiles/LCD_SPI.elf.dir/Drivers/STM32F1xx_HAL_Driver/Src/stm32f1xx_hal_rcc.c.obj
 .debug_abbrev  0x000016ce      0x267 CMakeFiles/LCD_SPI.elf.dir/Drivers/STM32F1xx_HAL_Driver/Src/stm32f1xx_hal_spi.c.obj
 .debug_abbrev  0x00001935       0x12 CMakeFiles/LCD_SPI.elf.dir/startup/startup_stm32f103xb.s.obj

.debug_aranges  0x00000000      0x6b0
 .debug_aranges
                0x00000000       0x20 CMakeFiles/LCD_SPI.elf.dir/Core/Src/gpio.c.obj
 .debug_aranges
                0x00000020      0x138 CMakeFiles/LCD_SPI.elf.dir/Core/Src/lcd.c.obj
 .debug_aranges
                0x00000158       0x30 CMakeFiles/LCD_SPI.elf.dir/Core/Src/main.c.obj
 .debug_aranges
                0x00000188       0x30 CMakeFiles/LCD_SPI.elf.dir/Core/Src/spi.c.obj
 .debug_aranges
                0x000001b8       0x20 CMakeFiles/LCD_SPI.elf.dir/Core/Src/stm32f1xx_hal_msp.c.obj
 .debug_aranges
                0x000001d8       0x60 CMakeFiles/LCD_SPI.elf.dir/Core/Src/stm32f1xx_it.c.obj
 .debug_aranges
                0x00000238       0x28 CMakeFiles/LCD_SPI.elf.dir/Core/Src/system_stm32f1xx.c.obj
 .debug_aranges
                0x00000260       0xe0 CMakeFiles/LCD_SPI.elf.dir/Drivers/STM32F1xx_HAL_Driver/Src/stm32f1xx_hal.c.obj
 .debug_aranges
                0x00000340       0x90 CMakeFiles/LCD_SPI.elf.dir/Drivers/STM32F1xx_HAL_Driver/Src/stm32f1xx_hal_cortex.c.obj
 .debug_aranges
                0x000003d0       0x58 CMakeFiles/LCD_SPI.elf.dir/Drivers/STM32F1xx_HAL_Driver/Src/stm32f1xx_hal_gpio.c.obj
 .debug_aranges
                0x00000428       0x90 CMakeFiles/LCD_SPI.elf.dir/Drivers/STM32F1xx_HAL_Driver/Src/stm32f1xx_hal_rcc.c.obj
 .debug_aranges
                0x000004b8      0x1d0 CMakeFiles/LCD_SPI.elf.dir/Drivers/STM32F1xx_HAL_Driver/Src/stm32f1xx_hal_spi.c.obj
 .debug_aranges
                0x00000688       0x28 CMakeFiles/LCD_SPI.elf.dir/startup/startup_stm32f103xb.s.obj

.debug_ranges   0x00000000      0x668
 .debug_ranges  0x00000000       0x10 CMakeFiles/LCD_SPI.elf.dir/Core/Src/gpio.c.obj
 .debug_ranges  0x00000010      0x128 CMakeFiles/LCD_SPI.elf.dir/Core/Src/lcd.c.obj
 .debug_ranges  0x00000138       0x20 CMakeFiles/LCD_SPI.elf.dir/Core/Src/main.c.obj
 .debug_ranges  0x00000158       0x20 CMakeFiles/LCD_SPI.elf.dir/Core/Src/spi.c.obj
 .debug_ranges  0x00000178       0x10 CMakeFiles/LCD_SPI.elf.dir/Core/Src/stm32f1xx_hal_msp.c.obj
 .debug_ranges  0x00000188       0x50 CMakeFiles/LCD_SPI.elf.dir/Core/Src/stm32f1xx_it.c.obj
 .debug_ranges  0x000001d8       0x18 CMakeFiles/LCD_SPI.elf.dir/Core/Src/system_stm32f1xx.c.obj
 .debug_ranges  0x000001f0       0xd0 CMakeFiles/LCD_SPI.elf.dir/Drivers/STM32F1xx_HAL_Driver/Src/stm32f1xx_hal.c.obj
 .debug_ranges  0x000002c0       0xe0 CMakeFiles/LCD_SPI.elf.dir/Drivers/STM32F1xx_HAL_Driver/Src/stm32f1xx_hal_cortex.c.obj
 .debug_ranges  0x000003a0       0x48 CMakeFiles/LCD_SPI.elf.dir/Drivers/STM32F1xx_HAL_Driver/Src/stm32f1xx_hal_gpio.c.obj
 .debug_ranges  0x000003e8       0xa0 CMakeFiles/LCD_SPI.elf.dir/Drivers/STM32F1xx_HAL_Driver/Src/stm32f1xx_hal_rcc.c.obj
 .debug_ranges  0x00000488      0x1c0 CMakeFiles/LCD_SPI.elf.dir/Drivers/STM32F1xx_HAL_Driver/Src/stm32f1xx_hal_spi.c.obj
 .debug_ranges  0x00000648       0x20 CMakeFiles/LCD_SPI.elf.dir/startup/startup_stm32f103xb.s.obj

.debug_line     0x00000000     0x684d
 .debug_line    0x00000000      0x23b CMakeFiles/LCD_SPI.elf.dir/Core/Src/gpio.c.obj
 .debug_line    0x0000023b     0x1000 CMakeFiles/LCD_SPI.elf.dir/Core/Src/lcd.c.obj
 .debug_line    0x0000123b      0x4cd CMakeFiles/LCD_SPI.elf.dir/Core/Src/main.c.obj
 .debug_line    0x00001708      0x3c7 CMakeFiles/LCD_SPI.elf.dir/Core/Src/spi.c.obj
 .debug_line    0x00001acf      0x249 CMakeFiles/LCD_SPI.elf.dir/Core/Src/stm32f1xx_hal_msp.c.obj
 .debug_line    0x00001d18      0x314 CMakeFiles/LCD_SPI.elf.dir/Core/Src/stm32f1xx_it.c.obj
 .debug_line    0x0000202c      0x2fc CMakeFiles/LCD_SPI.elf.dir/Core/Src/system_stm32f1xx.c.obj
 .debug_line    0x00002328      0x58c CMakeFiles/LCD_SPI.elf.dir/Drivers/STM32F1xx_HAL_Driver/Src/stm32f1xx_hal.c.obj
 .debug_line    0x000028b4      0x6e2 CMakeFiles/LCD_SPI.elf.dir/Drivers/STM32F1xx_HAL_Driver/Src/stm32f1xx_hal_cortex.c.obj
 .debug_line    0x00002f96      0x68e CMakeFiles/LCD_SPI.elf.dir/Drivers/STM32F1xx_HAL_Driver/Src/stm32f1xx_hal_gpio.c.obj
 .debug_line    0x00003624      0xca9 CMakeFiles/LCD_SPI.elf.dir/Drivers/STM32F1xx_HAL_Driver/Src/stm32f1xx_hal_rcc.c.obj
 .debug_line    0x000042cd     0x24da CMakeFiles/LCD_SPI.elf.dir/Drivers/STM32F1xx_HAL_Driver/Src/stm32f1xx_hal_spi.c.obj
 .debug_line    0x000067a7       0xa6 CMakeFiles/LCD_SPI.elf.dir/startup/startup_stm32f103xb.s.obj

.debug_str      0x00000000     0x24fb
 .debug_str     0x00000000      0x2dd CMakeFiles/LCD_SPI.elf.dir/Core/Src/gpio.c.obj
                                0x32f (size before relaxing)
 .debug_str     0x000002dd      0xb42 CMakeFiles/LCD_SPI.elf.dir/Core/Src/lcd.c.obj
                                0xed4 (size before relaxing)
 .debug_str     0x00000e1f      0x1d2 CMakeFiles/LCD_SPI.elf.dir/Core/Src/main.c.obj
                                0xd2d (size before relaxing)
 .debug_str     0x00000ff1       0x81 CMakeFiles/LCD_SPI.elf.dir/Core/Src/spi.c.obj
                                0x7c3 (size before relaxing)
 .debug_str     0x00001072       0x80 CMakeFiles/LCD_SPI.elf.dir/Core/Src/stm32f1xx_hal_msp.c.obj
                                0x369 (size before relaxing)
 .debug_str     0x000010f2       0xdd CMakeFiles/LCD_SPI.elf.dir/Core/Src/stm32f1xx_it.c.obj
                                0x380 (size before relaxing)
 .debug_str     0x000011cf       0x78 CMakeFiles/LCD_SPI.elf.dir/Core/Src/system_stm32f1xx.c.obj
                                0x360 (size before relaxing)
 .debug_str     0x00001247      0x589 CMakeFiles/LCD_SPI.elf.dir/Drivers/STM32F1xx_HAL_Driver/Src/stm32f1xx_hal.c.obj
                                0x8dd (size before relaxing)
 .debug_str     0x000017d0      0x3e1 CMakeFiles/LCD_SPI.elf.dir/Drivers/STM32F1xx_HAL_Driver/Src/stm32f1xx_hal_cortex.c.obj
                                0x9f9 (size before relaxing)
 .debug_str     0x00001bb1      0x169 CMakeFiles/LCD_SPI.elf.dir/Drivers/STM32F1xx_HAL_Driver/Src/stm32f1xx_hal_gpio.c.obj
                                0x54a (size before relaxing)
 .debug_str     0x00001d1a      0x21a CMakeFiles/LCD_SPI.elf.dir/Drivers/STM32F1xx_HAL_Driver/Src/stm32f1xx_hal_rcc.c.obj
                                0x72c (size before relaxing)
 .debug_str     0x00001f34      0x572 CMakeFiles/LCD_SPI.elf.dir/Drivers/STM32F1xx_HAL_Driver/Src/stm32f1xx_hal_spi.c.obj
                                0xc8f (size before relaxing)
 .debug_str     0x000024a6       0x55 CMakeFiles/LCD_SPI.elf.dir/startup/startup_stm32f103xb.s.obj
                                 0x90 (size before relaxing)

.comment        0x00000000       0x79
 .comment       0x00000000       0x79 CMakeFiles/LCD_SPI.elf.dir/Core/Src/gpio.c.obj
                                 0x7a (size before relaxing)
 .comment       0x00000079       0x7a CMakeFiles/LCD_SPI.elf.dir/Core/Src/lcd.c.obj
 .comment       0x00000079       0x7a CMakeFiles/LCD_SPI.elf.dir/Core/Src/main.c.obj
 .comment       0x00000079       0x7a CMakeFiles/LCD_SPI.elf.dir/Core/Src/spi.c.obj
 .comment       0x00000079       0x7a CMakeFiles/LCD_SPI.elf.dir/Core/Src/stm32f1xx_hal_msp.c.obj
 .comment       0x00000079       0x7a CMakeFiles/LCD_SPI.elf.dir/Core/Src/stm32f1xx_it.c.obj
 .comment       0x00000079       0x7a CMakeFiles/LCD_SPI.elf.dir/Core/Src/system_stm32f1xx.c.obj
 .comment       0x00000079       0x7a CMakeFiles/LCD_SPI.elf.dir/Drivers/STM32F1xx_HAL_Driver/Src/stm32f1xx_hal.c.obj
 .comment       0x00000079       0x7a CMakeFiles/LCD_SPI.elf.dir/Drivers/STM32F1xx_HAL_Driver/Src/stm32f1xx_hal_cortex.c.obj
 .comment       0x00000079       0x7a CMakeFiles/LCD_SPI.elf.dir/Drivers/STM32F1xx_HAL_Driver/Src/stm32f1xx_hal_gpio.c.obj
 .comment       0x00000079       0x7a CMakeFiles/LCD_SPI.elf.dir/Drivers/STM32F1xx_HAL_Driver/Src/stm32f1xx_hal_rcc.c.obj
 .comment       0x00000079       0x7a CMakeFiles/LCD_SPI.elf.dir/Drivers/STM32F1xx_HAL_Driver/Src/stm32f1xx_hal_spi.c.obj

.debug_frame    0x00000000     0x1310
 .debug_frame   0x00000000       0x28 CMakeFiles/LCD_SPI.elf.dir/Core/Src/gpio.c.obj
 .debug_frame   0x00000028      0x460 CMakeFiles/LCD_SPI.elf.dir/Core/Src/lcd.c.obj
 .debug_frame   0x00000488       0x58 CMakeFiles/LCD_SPI.elf.dir/Core/Src/main.c.obj
 .debug_frame   0x000004e0       0x60 CMakeFiles/LCD_SPI.elf.dir/Core/Src/spi.c.obj
 .debug_frame   0x00000540       0x28 CMakeFiles/LCD_SPI.elf.dir/Core/Src/stm32f1xx_hal_msp.c.obj
 .debug_frame   0x00000568       0xa8 CMakeFiles/LCD_SPI.elf.dir/Core/Src/stm32f1xx_it.c.obj
 .debug_frame   0x00000610       0x30 CMakeFiles/LCD_SPI.elf.dir/Core/Src/system_stm32f1xx.c.obj
 .debug_frame   0x00000640      0x1cc CMakeFiles/LCD_SPI.elf.dir/Drivers/STM32F1xx_HAL_Driver/Src/stm32f1xx_hal.c.obj
 .debug_frame   0x0000080c      0x12c CMakeFiles/LCD_SPI.elf.dir/Drivers/STM32F1xx_HAL_Driver/Src/stm32f1xx_hal_cortex.c.obj
 .debug_frame   0x00000938       0xe8 CMakeFiles/LCD_SPI.elf.dir/Drivers/STM32F1xx_HAL_Driver/Src/stm32f1xx_hal_gpio.c.obj
 .debug_frame   0x00000a20      0x190 CMakeFiles/LCD_SPI.elf.dir/Drivers/STM32F1xx_HAL_Driver/Src/stm32f1xx_hal_rcc.c.obj
 .debug_frame   0x00000bb0      0x5a0 CMakeFiles/LCD_SPI.elf.dir/Drivers/STM32F1xx_HAL_Driver/Src/stm32f1xx_hal_spi.c.obj
 .debug_frame   0x00001150       0x2c f:/profes~1/arm-no~1/92019-~1/bin/../lib/gcc/arm-none-eabi/9.2.1/../../../../arm-none-eabi/lib/thumb/v7-m/nofp\libg.a(lib_a-init.o)
 .debug_frame   0x0000117c       0x5c f:/profes~1/arm-no~1/92019-~1/bin/../lib/gcc/arm-none-eabi/9.2.1/../../../../arm-none-eabi/lib/thumb/v7-m/nofp\libg.a(lib_a-__call_atexit.o)
 .debug_frame   0x000011d8       0x20 f:/profes~1/arm-no~1/92019-~1/bin/../lib/gcc/arm-none-eabi/9.2.1/../../../../arm-none-eabi/lib/thumb/v7-m/nofp\libg.a(lib_a-atexit.o)
 .debug_frame   0x000011f8       0x34 f:/profes~1/arm-no~1/92019-~1/bin/../lib/gcc/arm-none-eabi/9.2.1/../../../../arm-none-eabi/lib/thumb/v7-m/nofp\libg.a(lib_a-fini.o)
 .debug_frame   0x0000122c       0xb0 f:/profes~1/arm-no~1/92019-~1/bin/../lib/gcc/arm-none-eabi/9.2.1/../../../../arm-none-eabi/lib/thumb/v7-m/nofp\libg.a(lib_a-lock.o)
 .debug_frame   0x000012dc       0x34 f:/profes~1/arm-no~1/92019-~1/bin/../lib/gcc/arm-none-eabi/9.2.1/../../../../arm-none-eabi/lib/thumb/v7-m/nofp\libg.a(lib_a-__atexit.o)

.debug_loc      0x00000000     0x43dc
 .debug_loc     0x00000000     0x122e CMakeFiles/LCD_SPI.elf.dir/Core/Src/lcd.c.obj
 .debug_loc     0x0000122e       0x84 CMakeFiles/LCD_SPI.elf.dir/Core/Src/spi.c.obj
 .debug_loc     0x000012b2       0x15 CMakeFiles/LCD_SPI.elf.dir/Core/Src/stm32f1xx_hal_msp.c.obj
 .debug_loc     0x000012c7       0xff CMakeFiles/LCD_SPI.elf.dir/Core/Src/system_stm32f1xx.c.obj
 .debug_loc     0x000013c6      0x141 CMakeFiles/LCD_SPI.elf.dir/Drivers/STM32F1xx_HAL_Driver/Src/stm32f1xx_hal.c.obj
 .debug_loc     0x00001507      0x71f CMakeFiles/LCD_SPI.elf.dir/Drivers/STM32F1xx_HAL_Driver/Src/stm32f1xx_hal_cortex.c.obj
 .debug_loc     0x00001c26      0x468 CMakeFiles/LCD_SPI.elf.dir/Drivers/STM32F1xx_HAL_Driver/Src/stm32f1xx_hal_gpio.c.obj
 .debug_loc     0x0000208e      0x610 CMakeFiles/LCD_SPI.elf.dir/Drivers/STM32F1xx_HAL_Driver/Src/stm32f1xx_hal_rcc.c.obj
 .debug_loc     0x0000269e     0x1d3e CMakeFiles/LCD_SPI.elf.dir/Drivers/STM32F1xx_HAL_Driver/Src/stm32f1xx_hal_spi.c.obj
